// Jest Snapshot v1, https://goo.gl/fbAQLP

exports[`描画されてすぐはONと表示されている 1`] = `
<div>
  <button>
    ON
  </button>
</div>
`;
